---
source: tui/src/app/tests.rs
assertion_line: 4023
expression: rendered
---

                             ⠀⠀⠀⠀⠀⠀⠀⠀⠀⠀⠀⠀⠀⠀⠀⠀⠀⠀⠀⠀⠀⠀
                             ⠀⠀⠀⠀⠀⣠⡶⠶⠶⣦⣄⣠⣴⠶⠶⢶⣄⠀⠀⠀⠀⠀
                             ⠀⠀⠀⠀⠀⣿⠁⠀⢠⣴⠟⠻⣦⡄⠀⠈⣿⠀⠀⠀⠀⠀
                             ⠀⠀⠀⠀⠀⢿⣄⣴⠟⠁⠀⠀⠈⠻⣦⣠⡿⠀⠀⠀⠀⠀
                             ⠀⠀⠀⠀⠀⢈⣿⡇⠀⠀⠀⠀⠀⠀⢸⣿⡁⠀⠀⠀⠀⠀
                             ⠀⠀⠀⠀⠀⣾⠋⠻⣦⡀⠀⠀⢀⣴⠟⠙⣷⠀⠀⠀⠀⠀
                             ⠀⠀⠀⠀⠀⣿⡀⠀⠘⠻⣦⣴⠟⠃⠀⢀⣿⠀⠀⠀⠀⠀
                             ⠀⠀⠀⠀⠀⠙⠷⠶⠶⠟⠋⠙⠻⠶⠶⠾⠋⠀⠀⠀⠀⠀
                             ⠀⠀⠀⠀⠀⠀⠀⠀⠀⠀⠀⠀⠀⠀⠀⠀⠀⠀⠀⠀⠀⠀

                                  Browser Use

                              press / for commands
