---
source: tui/src/app/tests.rs
assertion_line: 4022
expression: rendered
---
╭────────────────────────────────────────────────────╮
│                  ⠀⠀⠀⠀⠀⠀⠀⠀⠀⠀⠀⠀⠀⠀⠀⠀⠀⠀⠀⠀⠀⠀            │
│                  ⠀⠀⠀⠀⠀⣠⡶⠶⠶⣦⣄⣠⣴⠶⠶⢶⣄⠀⠀⠀⠀⠀            │
│                  ⠀⠀⠀⠀⠀⣿⠁⠀⢠⣴⠟⠻⣦⡄⠀⠈⣿⠀⠀⠀⠀⠀            │
│                  ⠀⠀⠀⠀⠀⢿⣄⣴⠟⠁⠀⠀⠈⠻⣦⣠⡿⠀⠀⠀⠀⠀            │
│                  ⠀⠀⠀⠀⠀⢈⣿⡇⠀⠀⠀⠀⠀⠀⢸⣿⡁⠀⠀⠀⠀⠀            │
│                  ⠀⠀⠀⠀⠀⣾⠋⠻⣦⡀⠀⠀⢀⣴⠟⠙⣷⠀⠀⠀⠀⠀            │
│                  ⠀⠀⠀⠀⠀⣿⡀⠀⠘⠻⣦⣴⠟⠃⠀⢀⣿⠀⠀⠀⠀⠀            │
│                  ⠀⠀⠀⠀⠀⠙⠷⠶⠶⠟⠋⠙⠻⠶⠶⠾⠋⠀⠀⠀⠀⠀            │
│                  ⠀⠀⠀⠀⠀⠀⠀⠀⠀⠀⠀⠀⠀⠀⠀⠀⠀⠀⠀⠀⠀⠀            │
│                                                    │
│                       Browser Use                  │
│             Browser Harness Agent v<VERSION>       │
│                                                    │
│                  press / for shortcuts             │
│                                                    │
│ model:     gpt-5.4 xhigh   fast   /model to change │
│ directory: /tmp/project                            │
╰────────────────────────────────────────────────────╯
