---
source: tui/src/chatwidget/tests/popups_and_settings.rs
expression: popup
---
    ╭──────────────────────────────────────────────────────────────────────╮
    │                                                                      │
    │  Model                                                               │
    │  Pick a recommended model or choose a provider                       │
    │                                                                      │
    │  Search models                                                       │
    │  recommended                                                         │
    │› GPT-5.5                 OpenRouter                                  │
    │  Claude Opus 4.8         Anthropic                                   │
    │  Claude Fable 5          Anthropic                                   │
    │  Gemini 3.1 Pro          Google                                      │
    │  anthropic                                                           │
    │  Claude Sonnet 4.6       claude-sonnet-4-6                           │
    │  Claude Opus 4.8         claude-opus-4-8                             │
    │                                                                      │
    │  Press enter to confirm or esc to go back                            │
    ╰──────────────────────────────────────────────────────────────────────╯
